
> ecommerce-inngest@0.1.0 build
> next build

   â–² Next.js 15.5.9
   - Environments: .env

   Creating an optimized production build ...
node.exe : <w> [webpack.cache.PackFileCacheStrategy] Skipped not serializable 
cache item 'Compilation/modules|C:\Users\phanb\Desktop\Workspace\Project\KeyHub
\node_modules\next\dist\build\webpack\loaders\css-loader\src\index.js??ruleSet[
1].rules[14].oneOf[10].use[2]!C:\Users\phanb\Desktop\Workspace\Project\KeyHub\n
ode_modules\next\dist\build\webpack\loaders\postcss-loader\src\index.js??ruleSe
t[1].rules[14].oneOf[10].use[3]!C:\Users\phanb\Desktop\Workspace\Project\KeyHub
\app\globals.css': No serializer registered for PostCSSSyntaxError
At line:1 char:1
+ & "C:\nvm4w\nodejs/node.exe" "C:\nvm4w\nodejs/node_modules/npm/bin/np ...
+ ~~~~~~~~~~~~~~~~~~~~~~~~~~~~~~~~~~~~~~~~~~~~~~~~~~~~~~~~~~~~~~~~~~~~~
    + CategoryInfo          : NotSpecified: (<w> [webpack.ca...tCSSSyntaxErro  
  r:String) [], RemoteException
    + FullyQualifiedErrorId : NativeCommandError
 
<w> while serializing webpack/lib/cache/PackFileCacheStrategy.PackContentItems 
-> webpack/lib/NormalModule -> webpack/lib/ModuleBuildError -> 
PostCSSSyntaxError
Failed to compile.

./app/globals.css:3:1
Syntax error: C:\Users\phanb\Desktop\Workspace\Project\KeyHub\app\globals.css 
The `outline-ring/50` class does not exist. If `outline-ring/50` is a custom 
class, make sure it is defined within a `@layer` directive.

 [90m 1 | [39m[36m@import[39m [32m"tw-animate-css"[39m[33m;[39m
 [90m 2 | [39m[36m@import[39m [32m"shadcn/tailwind.css"[39m[33m;[39m
[1m[31m>[39m[22m[90m 3 | [39m[36m@tailwind[39m base[33m;[39m
 [90m   | [39m[1m[31m^[39m[22m
 [90m 4 | [39m[36m@tailwind[39m components[33m;[39m
 [90m 5 | [39m[36m@tailwind[39m utilities[33m;[39m

./app/globals.css
Syntax error: C:\Users\phanb\Desktop\Workspace\Project\KeyHub\app\globals.css 
The `outline-ring/50` class does not exist. If `outline-ring/50` is a custom 
class, make sure it is defined within a `@layer` directive. (3:1)

 [90m 1 | [39m[36m@import[39m [32m"tw-animate-css"[39m[33m;[39m
 [90m 2 | [39m[36m@import[39m [32m"shadcn/tailwind.css"[39m[33m;[39m
[1m[31m>[39m[22m[90m 3 | [39m[36m@tailwind[39m base[33m;[39m
 [90m   | [39m[1m[31m^[39m[22m
 [90m 4 | [39m[36m@tailwind[39m components[33m;[39m
 [90m 5 | [39m[36m@tailwind[39m utilities[33m;[39m

    at tryRunOrWebpackError (C:\Users\phanb\Desktop\Workspace\Project\KeyHub\no
de_modules\next\dist\compiled\webpack\bundle5.js:29:316119)
    at __webpack_require_module__ (C:\Users\phanb\Desktop\Workspace\Project\Key
Hub\node_modules\next\dist\compiled\webpack\bundle5.js:29:131532)
    at __nested_webpack_require_161494__ (C:\Users\phanb\Desktop\Workspace\Proj
ect\KeyHub\node_modules\next\dist\compiled\webpack\bundle5.js:29:130967)
    at C:\Users\phanb\Desktop\Workspace\Project\KeyHub\node_modules\next\dist\c
ompiled\webpack\bundle5.js:29:131824
    at symbolIterator (C:\Users\phanb\Desktop\Workspace\Project\KeyHub\node_mod
ules\next\dist\compiled\neo-async\async.js:1:14444)
    at done (C:\Users\phanb\Desktop\Workspace\Project\KeyHub\node_modules\next\
dist\compiled\neo-async\async.js:1:14824)
    at Hook.eval [as callAsync] (eval at create (C:\Users\phanb\Desktop\Workspa
ce\Project\KeyHub\node_modules\next\dist\compiled\webpack\bundle5.js:14:9224), 
<anonymous>:15:1)
    at Hook.CALL_ASYNC_DELEGATE [as _callAsync] (C:\Users\phanb\Desktop\Workspa
ce\Project\KeyHub\node_modules\next\dist\compiled\webpack\bundle5.js:14:6378)
    at C:\Users\phanb\Desktop\Workspace\Project\KeyHub\node_modules\next\dist\c
ompiled\webpack\bundle5.js:29:130687
    at symbolIterator (C:\Users\phanb\Desktop\Workspace\Project\KeyHub\node_mod
ules\next\dist\compiled\neo-async\async.js:1:14402)
-- inner error --
Syntax error: C:\Users\phanb\Desktop\Workspace\Project\KeyHub\app\globals.css 
The `outline-ring/50` class does not exist. If `outline-ring/50` is a custom 
class, make sure it is defined within a `@layer` directive. (3:1)

 [90m 1 | [39m[36m@import[39m [32m"tw-animate-css"[39m[33m;[39m
 [90m 2 | [39m[36m@import[39m [32m"shadcn/tailwind.css"[39m[33m;[39m
[1m[31m>[39m[22m[90m 3 | [39m[36m@tailwind[39m base[33m;[39m
 [90m   | [39m[1m[31m^[39m[22m
 [90m 4 | [39m[36m@tailwind[39m components[33m;[39m
 [90m 5 | [39m[36m@tailwind[39m utilities[33m;[39m

    at Object.<anonymous> (C:\Users\phanb\Desktop\Workspace\Project\KeyHub\node
_modules\next\dist\build\webpack\loaders\css-loader\src\index.js??ruleSet[1].ru
les[14].oneOf[10].use[2]!C:\Users\phanb\Desktop\Workspace\Project\KeyHub\node_m
odules\next\dist\build\webpack\loaders\postcss-loader\src\index.js??ruleSet[1].
rules[14].oneOf[10].use[3]!C:\Users\phanb\Desktop\Workspace\Project\KeyHub\app\
globals.css:1:7)
    at C:\Users\phanb\Desktop\Workspace\Project\KeyHub\node_modules\next\dist\c
ompiled\webpack\bundle5.js:29:962717
    at Hook.eval [as call] (eval at create (C:\Users\phanb\Desktop\Workspace\Pr
oject\KeyHub\node_modules\next\dist\compiled\webpack\bundle5.js:14:9002), 
<anonymous>:7:1)
    at Hook.CALL_DELEGATE [as _call] (C:\Users\phanb\Desktop\Workspace\Project\
KeyHub\node_modules\next\dist\compiled\webpack\bundle5.js:14:6272)
    at C:\Users\phanb\Desktop\Workspace\Project\KeyHub\node_modules\next\dist\c
ompiled\webpack\bundle5.js:29:131565
    at tryRunOrWebpackError (C:\Users\phanb\Desktop\Workspace\Project\KeyHub\no
de_modules\next\dist\compiled\webpack\bundle5.js:29:316073)
    at __webpack_require_module__ (C:\Users\phanb\Desktop\Workspace\Project\Key
Hub\node_modules\next\dist\compiled\webpack\bundle5.js:29:131532)
    at __nested_webpack_require_161494__ (C:\Users\phanb\Desktop\Workspace\Proj
ect\KeyHub\node_modules\next\dist\compiled\webpack\bundle5.js:29:130967)
    at C:\Users\phanb\Desktop\Workspace\Project\KeyHub\node_modules\next\dist\c
ompiled\webpack\bundle5.js:29:131824
    at symbolIterator (C:\Users\phanb\Desktop\Workspace\Project\KeyHub\node_mod
ules\next\dist\compiled\neo-async\async.js:1:14444)

Generated code for C:\Users\phanb\Desktop\Workspace\Project\KeyHub\node_modules
\next\dist\build\webpack\loaders\css-loader\src\index.js??ruleSet[1].rules[14].
oneOf[10].use[2]!C:\Users\phanb\Desktop\Workspace\Project\KeyHub\node_modules\n
ext\dist\build\webpack\loaders\postcss-loader\src\index.js??ruleSet[1].rules[14
].oneOf[10].use[3]!C:\Users\phanb\Desktop\Workspace\Project\KeyHub\app\globals.
css

Import trace for requested module:
./app/globals.css


> Build failed because of webpack errors
